MPLINK 5.01, LINKER
Linker Map File - Created Wed May 14 02:47:38 2014

                                 Section Info
                  Section       Type    Address   Location Size(Bytes)
                ---------  ---------  ---------  ---------  ---------
                   .org_0       code   0x000000    program   0x000002
                   .cinit    romdata   0x000001    program   0x000004
                   .org_1       code   0x000004    program   0x0000e2



                              Program Memory Usage 
                               Start         End      
                           ---------   ---------      
                            0x000000    0x000002      
                            0x000004    0x000074      
            116 out of 4230 program addresses used, program memory utilization is 2%



                              Symbols - Sorted by Name
                     Name    Address   Location    Storage File                     
                ---------  ---------  ---------  --------- ---------                
             _.org_1_001B   0x00001b    program     static /home/luis/projetos/micro/3-trabalho-1.X/3-trabalho-1.asm
             configura_ad   0x00003b    program     static /home/luis/projetos/micro/3-trabalho-1.X/3-trabalho-1.asm
            configura_led   0x00005d    program     static /home/luis/projetos/micro/3-trabalho-1.X/3-trabalho-1.asm
         configura_serial   0x00001c    program     static /home/luis/projetos/micro/3-trabalho-1.X/3-trabalho-1.asm
  converte_ad_temperatura   0x000070    program     static /home/luis/projetos/micro/3-trabalho-1.X/3-trabalho-1.asm
              desliga_led   0x00006b    program     static /home/luis/projetos/micro/3-trabalho-1.X/3-trabalho-1.asm
           escrita_serial   0x000032    program     static /home/luis/projetos/micro/3-trabalho-1.X/3-trabalho-1.asm
         espera_conversao   0x00004b    program     static /home/luis/projetos/micro/3-trabalho-1.X/3-trabalho-1.asm
    espera_escrita_serial   0x000034    program     static /home/luis/projetos/micro/3-trabalho-1.X/3-trabalho-1.asm
    espera_leitura_serial   0x00002b    program     static /home/luis/projetos/micro/3-trabalho-1.X/3-trabalho-1.asm
                espera_pc   0x000008    program     static /home/luis/projetos/micro/3-trabalho-1.X/3-trabalho-1.asm
               leitura_ad   0x000048    program     static /home/luis/projetos/micro/3-trabalho-1.X/3-trabalho-1.asm
           leitura_serial   0x000029    program     static /home/luis/projetos/micro/3-trabalho-1.X/3-trabalho-1.asm
                 liga_led   0x000066    program     static /home/luis/projetos/micro/3-trabalho-1.X/3-trabalho-1.asm
                      run   0x000008    program     static /home/luis/projetos/micro/3-trabalho-1.X/3-trabalho-1.asm
                    start   0x000005    program     static /home/luis/projetos/micro/3-trabalho-1.X/3-trabalho-1.asm



                              Symbols - Sorted by Address
                     Name    Address   Location    Storage File                     
                ---------  ---------  ---------  --------- ---------                
                    start   0x000005    program     static /home/luis/projetos/micro/3-trabalho-1.X/3-trabalho-1.asm
                espera_pc   0x000008    program     static /home/luis/projetos/micro/3-trabalho-1.X/3-trabalho-1.asm
                      run   0x000008    program     static /home/luis/projetos/micro/3-trabalho-1.X/3-trabalho-1.asm
             _.org_1_001B   0x00001b    program     static /home/luis/projetos/micro/3-trabalho-1.X/3-trabalho-1.asm
         configura_serial   0x00001c    program     static /home/luis/projetos/micro/3-trabalho-1.X/3-trabalho-1.asm
           leitura_serial   0x000029    program     static /home/luis/projetos/micro/3-trabalho-1.X/3-trabalho-1.asm
    espera_leitura_serial   0x00002b    program     static /home/luis/projetos/micro/3-trabalho-1.X/3-trabalho-1.asm
           escrita_serial   0x000032    program     static /home/luis/projetos/micro/3-trabalho-1.X/3-trabalho-1.asm
    espera_escrita_serial   0x000034    program     static /home/luis/projetos/micro/3-trabalho-1.X/3-trabalho-1.asm
             configura_ad   0x00003b    program     static /home/luis/projetos/micro/3-trabalho-1.X/3-trabalho-1.asm
               leitura_ad   0x000048    program     static /home/luis/projetos/micro/3-trabalho-1.X/3-trabalho-1.asm
         espera_conversao   0x00004b    program     static /home/luis/projetos/micro/3-trabalho-1.X/3-trabalho-1.asm
            configura_led   0x00005d    program     static /home/luis/projetos/micro/3-trabalho-1.X/3-trabalho-1.asm
                 liga_led   0x000066    program     static /home/luis/projetos/micro/3-trabalho-1.X/3-trabalho-1.asm
              desliga_led   0x00006b    program     static /home/luis/projetos/micro/3-trabalho-1.X/3-trabalho-1.asm
  converte_ad_temperatura   0x000070    program     static /home/luis/projetos/micro/3-trabalho-1.X/3-trabalho-1.asm


