MPLINK 5.01, LINKER
Linker Map File - Created Fri May 23 22:11:19 2014

                                 Section Info
                  Section       Type    Address   Location Size(Bytes)
                ---------  ---------  ---------  ---------  ---------
                   .org_0       code   0x000000    program   0x000000
                   .org_1       code   0x000000    program   0x000002
                   .org_2       code   0x000004    program   0x0000da
.config_2007_/HOME/LUIS/PROJETOS/MICRO/3-1-TE       code   0x002007    program   0x000002



                              Program Memory Usage 
                               Start         End      
                           ---------   ---------      
                            0x000000    0x000000      
                            0x000004    0x000070      
                            0x002007    0x002007      
            111 out of 4230 program addresses used, program memory utilization is 2%



                              Symbols - Sorted by Name
                     Name    Address   Location    Storage File                     
                ---------  ---------  ---------  --------- ---------                
             configura_ad   0x000036    program     static /home/luis/projetos/micro/3-1-termometro/termometro.asm
         configura_serial   0x000013    program     static /home/luis/projetos/micro/3-1-termometro/termometro.asm
                    delay   0x000060    program     static /home/luis/projetos/micro/3-1-termometro/termometro.asm
             delay_loop_h   0x000068    program     static /home/luis/projetos/micro/3-1-termometro/termometro.asm
             delay_loop_l   0x00006a    program     static /home/luis/projetos/micro/3-1-termometro/termometro.asm
            delay_loop_uh   0x000061    program     static /home/luis/projetos/micro/3-1-termometro/termometro.asm
           escrita_serial   0x00002b    program     static /home/luis/projetos/micro/3-1-termometro/termometro.asm
         espera_conversao   0x000046    program     static /home/luis/projetos/micro/3-1-termometro/termometro.asm
    espera_escrita_serial   0x00002d    program     static /home/luis/projetos/micro/3-1-termometro/termometro.asm
  espera_escrita_serial_1   0x000050    program     static /home/luis/projetos/micro/3-1-termometro/termometro.asm
  espera_escrita_serial_2   0x00005a    program     static /home/luis/projetos/micro/3-1-termometro/termometro.asm
    espera_leitura_serial   0x000022    program     static /home/luis/projetos/micro/3-1-termometro/termometro.asm
               leitura_ad   0x000043    program     static /home/luis/projetos/micro/3-1-termometro/termometro.asm
           leitura_serial   0x000020    program     static /home/luis/projetos/micro/3-1-termometro/termometro.asm
          loop_leitura_ad   0x00000f    program     static /home/luis/projetos/micro/3-1-termometro/termometro.asm
                    start   0x000005    program     static /home/luis/projetos/micro/3-1-termometro/termometro.asm



                              Symbols - Sorted by Address
                     Name    Address   Location    Storage File                     
                ---------  ---------  ---------  --------- ---------                
                    start   0x000005    program     static /home/luis/projetos/micro/3-1-termometro/termometro.asm
          loop_leitura_ad   0x00000f    program     static /home/luis/projetos/micro/3-1-termometro/termometro.asm
         configura_serial   0x000013    program     static /home/luis/projetos/micro/3-1-termometro/termometro.asm
           leitura_serial   0x000020    program     static /home/luis/projetos/micro/3-1-termometro/termometro.asm
    espera_leitura_serial   0x000022    program     static /home/luis/projetos/micro/3-1-termometro/termometro.asm
           escrita_serial   0x00002b    program     static /home/luis/projetos/micro/3-1-termometro/termometro.asm
    espera_escrita_serial   0x00002d    program     static /home/luis/projetos/micro/3-1-termometro/termometro.asm
             configura_ad   0x000036    program     static /home/luis/projetos/micro/3-1-termometro/termometro.asm
               leitura_ad   0x000043    program     static /home/luis/projetos/micro/3-1-termometro/termometro.asm
         espera_conversao   0x000046    program     static /home/luis/projetos/micro/3-1-termometro/termometro.asm
  espera_escrita_serial_1   0x000050    program     static /home/luis/projetos/micro/3-1-termometro/termometro.asm
  espera_escrita_serial_2   0x00005a    program     static /home/luis/projetos/micro/3-1-termometro/termometro.asm
                    delay   0x000060    program     static /home/luis/projetos/micro/3-1-termometro/termometro.asm
            delay_loop_uh   0x000061    program     static /home/luis/projetos/micro/3-1-termometro/termometro.asm
             delay_loop_h   0x000068    program     static /home/luis/projetos/micro/3-1-termometro/termometro.asm
             delay_loop_l   0x00006a    program     static /home/luis/projetos/micro/3-1-termometro/termometro.asm


