MPLINK 5.04, LINKER
Linker Map File - Created Mon Sep 29 09:13:51 2014

                                 Section Info
                  Section       Type    Address   Location Size(Bytes)
                ---------  ---------  ---------  ---------  ---------
                   .org_0       code   0x000000    program   0x000002
                   .cinit    romdata   0x000001    program   0x000004
                   .org_1       code   0x000004    program   0x000046



                              Program Memory Usage 
                               Start         End      
                           ---------   ---------      
                            0x000000    0x000002      
                            0x000004    0x000026      
            38 out of 4230 program addresses used, program memory utilization is 0%



                              Symbols - Sorted by Name
                     Name    Address   Location    Storage File                     
                ---------  ---------  ---------  --------- ---------                
             _.org_1_0026   0x000026    program     static /home/luis/projects/micro/7-testes.X/pulsos.asm
                fase_alta   0x00001c    program     static /home/luis/projects/micro/7-testes.X/pulsos.asm
               fase_baixa   0x000021    program     static /home/luis/projects/micro/7-testes.X/pulsos.asm
                 pulsos_4   0x000015    program     static /home/luis/projects/micro/7-testes.X/pulsos.asm
             pulsos_4_end   0x000025    program     static /home/luis/projects/micro/7-testes.X/pulsos.asm
                    start   0x000005    program     static /home/luis/projects/micro/7-testes.X/pulsos.asm



                              Symbols - Sorted by Address
                     Name    Address   Location    Storage File                     
                ---------  ---------  ---------  --------- ---------                
                    start   0x000005    program     static /home/luis/projects/micro/7-testes.X/pulsos.asm
                 pulsos_4   0x000015    program     static /home/luis/projects/micro/7-testes.X/pulsos.asm
                fase_alta   0x00001c    program     static /home/luis/projects/micro/7-testes.X/pulsos.asm
               fase_baixa   0x000021    program     static /home/luis/projects/micro/7-testes.X/pulsos.asm
             pulsos_4_end   0x000025    program     static /home/luis/projects/micro/7-testes.X/pulsos.asm
             _.org_1_0026   0x000026    program     static /home/luis/projects/micro/7-testes.X/pulsos.asm


