MPLINK 5.04, LINKER
Linker Map File - Created Fri Oct 17 11:56:00 2014

                                 Section Info
                  Section       Type    Address   Location Size(Bytes)
                ---------  ---------  ---------  ---------  ---------
                   .org_0       code   0x000000    program   0x000002
                   .cinit    romdata   0x000001    program   0x000004
                   .org_1       code   0x000004    program   0x000180
.config_2007_BUILD/DEFAULT/PRODUCTION/GERADOR       code   0x002007    program   0x000002



                              Program Memory Usage 
                               Start         End      
                           ---------   ---------      
                            0x000000    0x000002      
                            0x000004    0x0000c3      
                            0x002007    0x002007      
            196 out of 4230 program addresses used, program memory utilization is 4%



                              Symbols - Sorted by Name
                     Name    Address   Location    Storage File                     
                ---------  ---------  ---------  --------- ---------                
             _.org_1_0055   0x000055    program     static /home/luis/projects/netbeans/micro/6-t2.X/geradorFrequencia.asm
             _.org_1_00C3   0x0000c3    program     static /home/luis/projects/netbeans/micro/6-t2.X/geradorFrequencia.asm
              aritimetica   0x000063    program     static /home/luis/projects/netbeans/micro/6-t2.X/geradorFrequencia.asm
          aritimetica_int   0x000027    program     static /home/luis/projects/netbeans/micro/6-t2.X/geradorFrequencia.asm
            calcula_valor   0x000059    program     static /home/luis/projects/netbeans/micro/6-t2.X/geradorFrequencia.asm
        calcula_valor_int   0x00001d    program     static /home/luis/projects/netbeans/micro/6-t2.X/geradorFrequencia.asm
         configura_serial   0x000067    program     static /home/luis/projects/netbeans/micro/6-t2.X/geradorFrequencia.asm
          configura_timer   0x00009a    program     static /home/luis/projects/netbeans/micro/6-t2.X/geradorFrequencia.asm
                    delay   0x0000b7    program     static /home/luis/projects/netbeans/micro/6-t2.X/geradorFrequencia.asm
             delay_loop_h   0x0000ba    program     static /home/luis/projects/netbeans/micro/6-t2.X/geradorFrequencia.asm
             delay_loop_l   0x0000bc    program     static /home/luis/projects/netbeans/micro/6-t2.X/geradorFrequencia.asm
            delay_loop_uh   0x0000b8    program     static /home/luis/projects/netbeans/micro/6-t2.X/geradorFrequencia.asm
                  end_int   0x000038    program     static /home/luis/projects/netbeans/micro/6-t2.X/geradorFrequencia.asm
 end_leitura_serial_asinc   0x000088    program     static /home/luis/projects/netbeans/micro/6-t2.X/geradorFrequencia.asm
           envia_w_serial   0x00008c    program     static /home/luis/projects/netbeans/micro/6-t2.X/geradorFrequencia.asm
           escrita_serial   0x00008f    program     static /home/luis/projects/netbeans/micro/6-t2.X/geradorFrequencia.asm
    espera_escrita_serial   0x000091    program     static /home/luis/projects/netbeans/micro/6-t2.X/geradorFrequencia.asm
    espera_leitura_serial   0x000078    program     static /home/luis/projects/netbeans/micro/6-t2.X/geradorFrequencia.asm
             espera_valor   0x000056    program     static /home/luis/projects/netbeans/micro/6-t2.X/geradorFrequencia.asm
         espera_valor_int   0x00001a    program     static /home/luis/projects/netbeans/micro/6-t2.X/geradorFrequencia.asm
                fase_alta   0x00002f    program     static /home/luis/projects/netbeans/micro/6-t2.X/geradorFrequencia.asm
               fase_baixa   0x000034    program     static /home/luis/projects/netbeans/micro/6-t2.X/geradorFrequencia.asm
             inicia_timer   0x0000ac    program     static /home/luis/projects/netbeans/micro/6-t2.X/geradorFrequencia.asm
           leitura_serial   0x000076    program     static /home/luis/projects/netbeans/micro/6-t2.X/geradorFrequencia.asm
     leitura_serial_asinc   0x000081    program     static /home/luis/projects/netbeans/micro/6-t2.X/geradorFrequencia.asm
                    start   0x000039    program     static /home/luis/projects/netbeans/micro/6-t2.X/geradorFrequencia.asm



                              Symbols - Sorted by Address
                     Name    Address   Location    Storage File                     
                ---------  ---------  ---------  --------- ---------                
         espera_valor_int   0x00001a    program     static /home/luis/projects/netbeans/micro/6-t2.X/geradorFrequencia.asm
        calcula_valor_int   0x00001d    program     static /home/luis/projects/netbeans/micro/6-t2.X/geradorFrequencia.asm
          aritimetica_int   0x000027    program     static /home/luis/projects/netbeans/micro/6-t2.X/geradorFrequencia.asm
                fase_alta   0x00002f    program     static /home/luis/projects/netbeans/micro/6-t2.X/geradorFrequencia.asm
               fase_baixa   0x000034    program     static /home/luis/projects/netbeans/micro/6-t2.X/geradorFrequencia.asm
                  end_int   0x000038    program     static /home/luis/projects/netbeans/micro/6-t2.X/geradorFrequencia.asm
                    start   0x000039    program     static /home/luis/projects/netbeans/micro/6-t2.X/geradorFrequencia.asm
             _.org_1_0055   0x000055    program     static /home/luis/projects/netbeans/micro/6-t2.X/geradorFrequencia.asm
             espera_valor   0x000056    program     static /home/luis/projects/netbeans/micro/6-t2.X/geradorFrequencia.asm
            calcula_valor   0x000059    program     static /home/luis/projects/netbeans/micro/6-t2.X/geradorFrequencia.asm
              aritimetica   0x000063    program     static /home/luis/projects/netbeans/micro/6-t2.X/geradorFrequencia.asm
         configura_serial   0x000067    program     static /home/luis/projects/netbeans/micro/6-t2.X/geradorFrequencia.asm
           leitura_serial   0x000076    program     static /home/luis/projects/netbeans/micro/6-t2.X/geradorFrequencia.asm
    espera_leitura_serial   0x000078    program     static /home/luis/projects/netbeans/micro/6-t2.X/geradorFrequencia.asm
     leitura_serial_asinc   0x000081    program     static /home/luis/projects/netbeans/micro/6-t2.X/geradorFrequencia.asm
 end_leitura_serial_asinc   0x000088    program     static /home/luis/projects/netbeans/micro/6-t2.X/geradorFrequencia.asm
           envia_w_serial   0x00008c    program     static /home/luis/projects/netbeans/micro/6-t2.X/geradorFrequencia.asm
           escrita_serial   0x00008f    program     static /home/luis/projects/netbeans/micro/6-t2.X/geradorFrequencia.asm
    espera_escrita_serial   0x000091    program     static /home/luis/projects/netbeans/micro/6-t2.X/geradorFrequencia.asm
          configura_timer   0x00009a    program     static /home/luis/projects/netbeans/micro/6-t2.X/geradorFrequencia.asm
             inicia_timer   0x0000ac    program     static /home/luis/projects/netbeans/micro/6-t2.X/geradorFrequencia.asm
                    delay   0x0000b7    program     static /home/luis/projects/netbeans/micro/6-t2.X/geradorFrequencia.asm
            delay_loop_uh   0x0000b8    program     static /home/luis/projects/netbeans/micro/6-t2.X/geradorFrequencia.asm
             delay_loop_h   0x0000ba    program     static /home/luis/projects/netbeans/micro/6-t2.X/geradorFrequencia.asm
             delay_loop_l   0x0000bc    program     static /home/luis/projects/netbeans/micro/6-t2.X/geradorFrequencia.asm
             _.org_1_00C3   0x0000c3    program     static /home/luis/projects/netbeans/micro/6-t2.X/geradorFrequencia.asm


