MPLINK 5.04, LINKER
Linker Map File - Created Tue Sep 30 20:40:04 2014

                                 Section Info
                  Section       Type    Address   Location Size(Bytes)
                ---------  ---------  ---------  ---------  ---------
                   .org_0       code   0x000000    program   0x000002
                   .cinit    romdata   0x000001    program   0x000004
                   .org_1       code   0x000004    program   0x000144
.config_2007_BUILD/DEFAULT/PRODUCTION/GERADOR       code   0x002007    program   0x000002



                              Program Memory Usage 
                               Start         End      
                           ---------   ---------      
                            0x000000    0x000002      
                            0x000004    0x0000a5      
                            0x002007    0x002007      
            166 out of 4230 program addresses used, program memory utilization is 3%



                              Symbols - Sorted by Name
                     Name    Address   Location    Storage File                     
                ---------  ---------  ---------  --------- ---------                
             _.org_1_003F   0x00003f    program     static /home/luis/projects/micro/6-t2.X/geradorFrequencia.asm
             _.org_1_00A5   0x0000a5    program     static /home/luis/projects/micro/6-t2.X/geradorFrequencia.asm
              aritimetica   0x00004d    program     static /home/luis/projects/micro/6-t2.X/geradorFrequencia.asm
            calcula_valor   0x000043    program     static /home/luis/projects/micro/6-t2.X/geradorFrequencia.asm
         configura_serial   0x000051    program     static /home/luis/projects/micro/6-t2.X/geradorFrequencia.asm
          configura_timer   0x000084    program     static /home/luis/projects/micro/6-t2.X/geradorFrequencia.asm
                    delay   0x000099    program     static /home/luis/projects/micro/6-t2.X/geradorFrequencia.asm
             delay_loop_h   0x00009c    program     static /home/luis/projects/micro/6-t2.X/geradorFrequencia.asm
             delay_loop_l   0x00009e    program     static /home/luis/projects/micro/6-t2.X/geradorFrequencia.asm
            delay_loop_uh   0x00009a    program     static /home/luis/projects/micro/6-t2.X/geradorFrequencia.asm
                  end_int   0x000023    program     static /home/luis/projects/micro/6-t2.X/geradorFrequencia.asm
 end_leitura_serial_asinc   0x000072    program     static /home/luis/projects/micro/6-t2.X/geradorFrequencia.asm
           envia_w_serial   0x000076    program     static /home/luis/projects/micro/6-t2.X/geradorFrequencia.asm
           escrita_serial   0x000079    program     static /home/luis/projects/micro/6-t2.X/geradorFrequencia.asm
    espera_escrita_serial   0x00007b    program     static /home/luis/projects/micro/6-t2.X/geradorFrequencia.asm
    espera_leitura_serial   0x000062    program     static /home/luis/projects/micro/6-t2.X/geradorFrequencia.asm
             espera_valor   0x000040    program     static /home/luis/projects/micro/6-t2.X/geradorFrequencia.asm
                fase_alta   0x00001a    program     static /home/luis/projects/micro/6-t2.X/geradorFrequencia.asm
               fase_baixa   0x00001f    program     static /home/luis/projects/micro/6-t2.X/geradorFrequencia.asm
             inicia_timer   0x000093    program     static /home/luis/projects/micro/6-t2.X/geradorFrequencia.asm
           leitura_serial   0x000060    program     static /home/luis/projects/micro/6-t2.X/geradorFrequencia.asm
     leitura_serial_asinc   0x00006b    program     static /home/luis/projects/micro/6-t2.X/geradorFrequencia.asm
                    start   0x000024    program     static /home/luis/projects/micro/6-t2.X/geradorFrequencia.asm



                              Symbols - Sorted by Address
                     Name    Address   Location    Storage File                     
                ---------  ---------  ---------  --------- ---------                
                fase_alta   0x00001a    program     static /home/luis/projects/micro/6-t2.X/geradorFrequencia.asm
               fase_baixa   0x00001f    program     static /home/luis/projects/micro/6-t2.X/geradorFrequencia.asm
                  end_int   0x000023    program     static /home/luis/projects/micro/6-t2.X/geradorFrequencia.asm
                    start   0x000024    program     static /home/luis/projects/micro/6-t2.X/geradorFrequencia.asm
             _.org_1_003F   0x00003f    program     static /home/luis/projects/micro/6-t2.X/geradorFrequencia.asm
             espera_valor   0x000040    program     static /home/luis/projects/micro/6-t2.X/geradorFrequencia.asm
            calcula_valor   0x000043    program     static /home/luis/projects/micro/6-t2.X/geradorFrequencia.asm
              aritimetica   0x00004d    program     static /home/luis/projects/micro/6-t2.X/geradorFrequencia.asm
         configura_serial   0x000051    program     static /home/luis/projects/micro/6-t2.X/geradorFrequencia.asm
           leitura_serial   0x000060    program     static /home/luis/projects/micro/6-t2.X/geradorFrequencia.asm
    espera_leitura_serial   0x000062    program     static /home/luis/projects/micro/6-t2.X/geradorFrequencia.asm
     leitura_serial_asinc   0x00006b    program     static /home/luis/projects/micro/6-t2.X/geradorFrequencia.asm
 end_leitura_serial_asinc   0x000072    program     static /home/luis/projects/micro/6-t2.X/geradorFrequencia.asm
           envia_w_serial   0x000076    program     static /home/luis/projects/micro/6-t2.X/geradorFrequencia.asm
           escrita_serial   0x000079    program     static /home/luis/projects/micro/6-t2.X/geradorFrequencia.asm
    espera_escrita_serial   0x00007b    program     static /home/luis/projects/micro/6-t2.X/geradorFrequencia.asm
          configura_timer   0x000084    program     static /home/luis/projects/micro/6-t2.X/geradorFrequencia.asm
             inicia_timer   0x000093    program     static /home/luis/projects/micro/6-t2.X/geradorFrequencia.asm
                    delay   0x000099    program     static /home/luis/projects/micro/6-t2.X/geradorFrequencia.asm
            delay_loop_uh   0x00009a    program     static /home/luis/projects/micro/6-t2.X/geradorFrequencia.asm
             delay_loop_h   0x00009c    program     static /home/luis/projects/micro/6-t2.X/geradorFrequencia.asm
             delay_loop_l   0x00009e    program     static /home/luis/projects/micro/6-t2.X/geradorFrequencia.asm
             _.org_1_00A5   0x0000a5    program     static /home/luis/projects/micro/6-t2.X/geradorFrequencia.asm


