MPLINK 5.04, LINKER
Linker Map File - Created Mon Sep 29 11:52:05 2014

                                 Section Info
                  Section       Type    Address   Location Size(Bytes)
                ---------  ---------  ---------  ---------  ---------
                   .org_0       code   0x000000    program   0x000002
                   .org_1       code   0x000004    program   0x00013a
                   .cinit    romdata   0x000800    program   0x000004
                    dbgP0       code   0x000f00    program   0x000200
.config_2007_BUILD/DEFAULT/DEBUG/TIMER.O       code   0x002007    program   0x000002
                    dbgD0      udata   0x00007e       data   0x000002
                    dbgD1      udata   0x0000f4       data   0x00000c
                    dbgD2      udata   0x00017e       data   0x000002
                    dbgD3      udata   0x0001f4       data   0x00000c



                              Program Memory Usage 
                               Start         End      
                           ---------   ---------      
                            0x000000    0x000000      
                            0x000004    0x0000a0      
                            0x000800    0x000801      
                            0x000f00    0x000fff      
                            0x002007    0x002007      
            417 out of 4230 program addresses used, program memory utilization is 9%



                              Symbols - Sorted by Name
                     Name    Address   Location    Storage File                     
                ---------  ---------  ---------  --------- ---------                
             _.org_1_0063   0x000063    program     static /home/luis/projects/micro/6.2-timer.X/timer.asm
             _.org_1_00A0   0x0000a0    program     static /home/luis/projects/micro/6.2-timer.X/timer.asm
              aritimetica   0x000041    program     static /home/luis/projects/micro/6.2-timer.X/timer.asm
         configura_serial   0x000064    program     static /home/luis/projects/micro/6.2-timer.X/timer.asm
          configura_timer   0x000087    program     static /home/luis/projects/micro/6.2-timer.X/timer.asm
                    delay   0x000094    program     static /home/luis/projects/micro/6.2-timer.X/timer.asm
             delay_loop_h   0x000097    program     static /home/luis/projects/micro/6.2-timer.X/timer.asm
             delay_loop_l   0x000099    program     static /home/luis/projects/micro/6.2-timer.X/timer.asm
            delay_loop_uh   0x000095    program     static /home/luis/projects/micro/6.2-timer.X/timer.asm
                  end_int   0x000022    program     static /home/luis/projects/micro/6.2-timer.X/timer.asm
           escrita_serial   0x00007c    program     static /home/luis/projects/micro/6.2-timer.X/timer.asm
    espera_escrita_serial   0x00007e    program     static /home/luis/projects/micro/6.2-timer.X/timer.asm
    espera_leitura_serial   0x000073    program     static /home/luis/projects/micro/6.2-timer.X/timer.asm
             espera_valor   0x000034    program     static /home/luis/projects/micro/6.2-timer.X/timer.asm
                fase_alta   0x000019    program     static /home/luis/projects/micro/6.2-timer.X/timer.asm
               fase_baixa   0x00001e    program     static /home/luis/projects/micro/6.2-timer.X/timer.asm
           leitura_serial   0x000071    program     static /home/luis/projects/micro/6.2-timer.X/timer.asm
                    start   0x000023    program     static /home/luis/projects/micro/6.2-timer.X/timer.asm



                              Symbols - Sorted by Address
                     Name    Address   Location    Storage File                     
                ---------  ---------  ---------  --------- ---------                
                fase_alta   0x000019    program     static /home/luis/projects/micro/6.2-timer.X/timer.asm
               fase_baixa   0x00001e    program     static /home/luis/projects/micro/6.2-timer.X/timer.asm
                  end_int   0x000022    program     static /home/luis/projects/micro/6.2-timer.X/timer.asm
                    start   0x000023    program     static /home/luis/projects/micro/6.2-timer.X/timer.asm
             espera_valor   0x000034    program     static /home/luis/projects/micro/6.2-timer.X/timer.asm
              aritimetica   0x000041    program     static /home/luis/projects/micro/6.2-timer.X/timer.asm
             _.org_1_0063   0x000063    program     static /home/luis/projects/micro/6.2-timer.X/timer.asm
         configura_serial   0x000064    program     static /home/luis/projects/micro/6.2-timer.X/timer.asm
           leitura_serial   0x000071    program     static /home/luis/projects/micro/6.2-timer.X/timer.asm
    espera_leitura_serial   0x000073    program     static /home/luis/projects/micro/6.2-timer.X/timer.asm
           escrita_serial   0x00007c    program     static /home/luis/projects/micro/6.2-timer.X/timer.asm
    espera_escrita_serial   0x00007e    program     static /home/luis/projects/micro/6.2-timer.X/timer.asm
          configura_timer   0x000087    program     static /home/luis/projects/micro/6.2-timer.X/timer.asm
                    delay   0x000094    program     static /home/luis/projects/micro/6.2-timer.X/timer.asm
            delay_loop_uh   0x000095    program     static /home/luis/projects/micro/6.2-timer.X/timer.asm
             delay_loop_h   0x000097    program     static /home/luis/projects/micro/6.2-timer.X/timer.asm
             delay_loop_l   0x000099    program     static /home/luis/projects/micro/6.2-timer.X/timer.asm
             _.org_1_00A0   0x0000a0    program     static /home/luis/projects/micro/6.2-timer.X/timer.asm


