MPLINK 5.01, LINKER
Linker Map File - Created Fri May 23 21:14:08 2014

                                 Section Info
                  Section       Type    Address   Location Size(Bytes)
                ---------  ---------  ---------  ---------  ---------
                   .org_0       code   0x000000    program   0x000000
                   .org_1       code   0x000000    program   0x000002
                   .org_2       code   0x000004    program   0x0000c0
.config_2007_/HOME/LUIS/PROJETOS/MICRO/3-TRAB       code   0x002007    program   0x000002



                              Program Memory Usage 
                               Start         End      
                           ---------   ---------      
                            0x000000    0x000000      
                            0x000004    0x000063      
                            0x002007    0x002007      
            98 out of 4230 program addresses used, program memory utilization is 2%



                              Symbols - Sorted by Name
                     Name    Address   Location    Storage File                     
                ---------  ---------  ---------  --------- ---------                
             configura_ad   0x00002e    program     static /home/luis/projetos/micro/3-trabalho-1.X/3-trabalho-1.asm
         configura_serial   0x00000b    program     static /home/luis/projetos/micro/3-trabalho-1.X/3-trabalho-1.asm
                    delay   0x000058    program     static /home/luis/projetos/micro/3-trabalho-1.X/3-trabalho-1.asm
             delay_loop_h   0x00005b    program     static /home/luis/projetos/micro/3-trabalho-1.X/3-trabalho-1.asm
             delay_loop_l   0x00005d    program     static /home/luis/projetos/micro/3-trabalho-1.X/3-trabalho-1.asm
            delay_loop_uh   0x000059    program     static /home/luis/projetos/micro/3-trabalho-1.X/3-trabalho-1.asm
           escrita_serial   0x000023    program     static /home/luis/projetos/micro/3-trabalho-1.X/3-trabalho-1.asm
         espera_conversao   0x00003e    program     static /home/luis/projetos/micro/3-trabalho-1.X/3-trabalho-1.asm
    espera_escrita_serial   0x000025    program     static /home/luis/projetos/micro/3-trabalho-1.X/3-trabalho-1.asm
  espera_escrita_serial_1   0x000048    program     static /home/luis/projetos/micro/3-trabalho-1.X/3-trabalho-1.asm
  espera_escrita_serial_2   0x000052    program     static /home/luis/projetos/micro/3-trabalho-1.X/3-trabalho-1.asm
    espera_leitura_serial   0x00001a    program     static /home/luis/projetos/micro/3-trabalho-1.X/3-trabalho-1.asm
               leitura_ad   0x00003b    program     static /home/luis/projetos/micro/3-trabalho-1.X/3-trabalho-1.asm
           leitura_serial   0x000018    program     static /home/luis/projetos/micro/3-trabalho-1.X/3-trabalho-1.asm
          loop_leitura_ad   0x000007    program     static /home/luis/projetos/micro/3-trabalho-1.X/3-trabalho-1.asm
                    start   0x000005    program     static /home/luis/projetos/micro/3-trabalho-1.X/3-trabalho-1.asm



                              Symbols - Sorted by Address
                     Name    Address   Location    Storage File                     
                ---------  ---------  ---------  --------- ---------                
                    start   0x000005    program     static /home/luis/projetos/micro/3-trabalho-1.X/3-trabalho-1.asm
          loop_leitura_ad   0x000007    program     static /home/luis/projetos/micro/3-trabalho-1.X/3-trabalho-1.asm
         configura_serial   0x00000b    program     static /home/luis/projetos/micro/3-trabalho-1.X/3-trabalho-1.asm
           leitura_serial   0x000018    program     static /home/luis/projetos/micro/3-trabalho-1.X/3-trabalho-1.asm
    espera_leitura_serial   0x00001a    program     static /home/luis/projetos/micro/3-trabalho-1.X/3-trabalho-1.asm
           escrita_serial   0x000023    program     static /home/luis/projetos/micro/3-trabalho-1.X/3-trabalho-1.asm
    espera_escrita_serial   0x000025    program     static /home/luis/projetos/micro/3-trabalho-1.X/3-trabalho-1.asm
             configura_ad   0x00002e    program     static /home/luis/projetos/micro/3-trabalho-1.X/3-trabalho-1.asm
               leitura_ad   0x00003b    program     static /home/luis/projetos/micro/3-trabalho-1.X/3-trabalho-1.asm
         espera_conversao   0x00003e    program     static /home/luis/projetos/micro/3-trabalho-1.X/3-trabalho-1.asm
  espera_escrita_serial_1   0x000048    program     static /home/luis/projetos/micro/3-trabalho-1.X/3-trabalho-1.asm
  espera_escrita_serial_2   0x000052    program     static /home/luis/projetos/micro/3-trabalho-1.X/3-trabalho-1.asm
                    delay   0x000058    program     static /home/luis/projetos/micro/3-trabalho-1.X/3-trabalho-1.asm
            delay_loop_uh   0x000059    program     static /home/luis/projetos/micro/3-trabalho-1.X/3-trabalho-1.asm
             delay_loop_h   0x00005b    program     static /home/luis/projetos/micro/3-trabalho-1.X/3-trabalho-1.asm
             delay_loop_l   0x00005d    program     static /home/luis/projetos/micro/3-trabalho-1.X/3-trabalho-1.asm


