MPLINK 5.04, LINKER
Linker Map File - Created Wed Oct  1 17:57:18 2014

                                 Section Info
                  Section       Type    Address   Location Size(Bytes)
                ---------  ---------  ---------  ---------  ---------
                   .org_0       code   0x000000    program   0x000002
                   .cinit    romdata   0x000001    program   0x000004
                   .org_1       code   0x000004    program   0x000158
.config_2007_BUILD/SIMULATE/DEBUG/GERADORFREQ       code   0x002007    program   0x000002



                              Program Memory Usage 
                               Start         End      
                           ---------   ---------      
                            0x000000    0x000002      
                            0x000004    0x0000af      
                            0x002007    0x002007      
            176 out of 4230 program addresses used, program memory utilization is 4%



                              Symbols - Sorted by Name
                     Name    Address   Location    Storage File                     
                ---------  ---------  ---------  --------- ---------                
             _.org_1_0041   0x000041    program     static /home/luis/projects/micro/6-t2.X/geradorFrequencia.asm
             _.org_1_00AF   0x0000af    program     static /home/luis/projects/micro/6-t2.X/geradorFrequencia.asm
              aritimetica   0x00004f    program     static /home/luis/projects/micro/6-t2.X/geradorFrequencia.asm
            calcula_valor   0x000045    program     static /home/luis/projects/micro/6-t2.X/geradorFrequencia.asm
         configura_serial   0x000053    program     static /home/luis/projects/micro/6-t2.X/geradorFrequencia.asm
          configura_timer   0x000086    program     static /home/luis/projects/micro/6-t2.X/geradorFrequencia.asm
                    delay   0x0000a3    program     static /home/luis/projects/micro/6-t2.X/geradorFrequencia.asm
             delay_loop_h   0x0000a6    program     static /home/luis/projects/micro/6-t2.X/geradorFrequencia.asm
             delay_loop_l   0x0000a8    program     static /home/luis/projects/micro/6-t2.X/geradorFrequencia.asm
            delay_loop_uh   0x0000a4    program     static /home/luis/projects/micro/6-t2.X/geradorFrequencia.asm
                  end_int   0x000024    program     static /home/luis/projects/micro/6-t2.X/geradorFrequencia.asm
 end_leitura_serial_asinc   0x000074    program     static /home/luis/projects/micro/6-t2.X/geradorFrequencia.asm
           envia_w_serial   0x000078    program     static /home/luis/projects/micro/6-t2.X/geradorFrequencia.asm
           escrita_serial   0x00007b    program     static /home/luis/projects/micro/6-t2.X/geradorFrequencia.asm
    espera_escrita_serial   0x00007d    program     static /home/luis/projects/micro/6-t2.X/geradorFrequencia.asm
    espera_leitura_serial   0x000064    program     static /home/luis/projects/micro/6-t2.X/geradorFrequencia.asm
             espera_valor   0x000042    program     static /home/luis/projects/micro/6-t2.X/geradorFrequencia.asm
                fase_alta   0x00001b    program     static /home/luis/projects/micro/6-t2.X/geradorFrequencia.asm
               fase_baixa   0x000020    program     static /home/luis/projects/micro/6-t2.X/geradorFrequencia.asm
             inicia_timer   0x000098    program     static /home/luis/projects/micro/6-t2.X/geradorFrequencia.asm
           leitura_serial   0x000062    program     static /home/luis/projects/micro/6-t2.X/geradorFrequencia.asm
     leitura_serial_asinc   0x00006d    program     static /home/luis/projects/micro/6-t2.X/geradorFrequencia.asm
                    start   0x000025    program     static /home/luis/projects/micro/6-t2.X/geradorFrequencia.asm



                              Symbols - Sorted by Address
                     Name    Address   Location    Storage File                     
                ---------  ---------  ---------  --------- ---------                
                fase_alta   0x00001b    program     static /home/luis/projects/micro/6-t2.X/geradorFrequencia.asm
               fase_baixa   0x000020    program     static /home/luis/projects/micro/6-t2.X/geradorFrequencia.asm
                  end_int   0x000024    program     static /home/luis/projects/micro/6-t2.X/geradorFrequencia.asm
                    start   0x000025    program     static /home/luis/projects/micro/6-t2.X/geradorFrequencia.asm
             _.org_1_0041   0x000041    program     static /home/luis/projects/micro/6-t2.X/geradorFrequencia.asm
             espera_valor   0x000042    program     static /home/luis/projects/micro/6-t2.X/geradorFrequencia.asm
            calcula_valor   0x000045    program     static /home/luis/projects/micro/6-t2.X/geradorFrequencia.asm
              aritimetica   0x00004f    program     static /home/luis/projects/micro/6-t2.X/geradorFrequencia.asm
         configura_serial   0x000053    program     static /home/luis/projects/micro/6-t2.X/geradorFrequencia.asm
           leitura_serial   0x000062    program     static /home/luis/projects/micro/6-t2.X/geradorFrequencia.asm
    espera_leitura_serial   0x000064    program     static /home/luis/projects/micro/6-t2.X/geradorFrequencia.asm
     leitura_serial_asinc   0x00006d    program     static /home/luis/projects/micro/6-t2.X/geradorFrequencia.asm
 end_leitura_serial_asinc   0x000074    program     static /home/luis/projects/micro/6-t2.X/geradorFrequencia.asm
           envia_w_serial   0x000078    program     static /home/luis/projects/micro/6-t2.X/geradorFrequencia.asm
           escrita_serial   0x00007b    program     static /home/luis/projects/micro/6-t2.X/geradorFrequencia.asm
    espera_escrita_serial   0x00007d    program     static /home/luis/projects/micro/6-t2.X/geradorFrequencia.asm
          configura_timer   0x000086    program     static /home/luis/projects/micro/6-t2.X/geradorFrequencia.asm
             inicia_timer   0x000098    program     static /home/luis/projects/micro/6-t2.X/geradorFrequencia.asm
                    delay   0x0000a3    program     static /home/luis/projects/micro/6-t2.X/geradorFrequencia.asm
            delay_loop_uh   0x0000a4    program     static /home/luis/projects/micro/6-t2.X/geradorFrequencia.asm
             delay_loop_h   0x0000a6    program     static /home/luis/projects/micro/6-t2.X/geradorFrequencia.asm
             delay_loop_l   0x0000a8    program     static /home/luis/projects/micro/6-t2.X/geradorFrequencia.asm
             _.org_1_00AF   0x0000af    program     static /home/luis/projects/micro/6-t2.X/geradorFrequencia.asm


