MPLINK 5.04, LINKER
Linker Map File - Created Mon Sep 29 10:39:53 2014

                                 Section Info
                  Section       Type    Address   Location Size(Bytes)
                ---------  ---------  ---------  ---------  ---------
                   .org_0       code   0x000000    program   0x000002
                   .cinit    romdata   0x000001    program   0x000004
                   .org_1       code   0x000004    program   0x00007c
.config_2007_BUILD/DEBUF/DEBUG/SERIAL-DELAY.O       code   0x002007    program   0x000002



                              Program Memory Usage 
                               Start         End      
                           ---------   ---------      
                            0x000000    0x000002      
                            0x000004    0x000041      
                            0x002007    0x002007      
            66 out of 4230 program addresses used, program memory utilization is 1%



                              Symbols - Sorted by Name
                     Name    Address   Location    Storage File                     
                ---------  ---------  ---------  --------- ---------                
             _.org_1_0011   0x000011    program     static /home/luis/projects/micro/6.3-serial-delay.X/serial-delay.asm
             _.org_1_0041   0x000041    program     static /home/luis/projects/micro/6.3-serial-delay.X/serial-delay.asm
         configura_serial   0x000012    program     static /home/luis/projects/micro/6.3-serial-delay.X/serial-delay.asm
                    delay   0x000035    program     static /home/luis/projects/micro/6.3-serial-delay.X/serial-delay.asm
             delay_loop_h   0x000038    program     static /home/luis/projects/micro/6.3-serial-delay.X/serial-delay.asm
             delay_loop_l   0x00003a    program     static /home/luis/projects/micro/6.3-serial-delay.X/serial-delay.asm
            delay_loop_uh   0x000036    program     static /home/luis/projects/micro/6.3-serial-delay.X/serial-delay.asm
           escrita_serial   0x00002a    program     static /home/luis/projects/micro/6.3-serial-delay.X/serial-delay.asm
    espera_escrita_serial   0x00002c    program     static /home/luis/projects/micro/6.3-serial-delay.X/serial-delay.asm
    espera_leitura_serial   0x000021    program     static /home/luis/projects/micro/6.3-serial-delay.X/serial-delay.asm
             espera_valor   0x00000c    program     static /home/luis/projects/micro/6.3-serial-delay.X/serial-delay.asm
           leitura_serial   0x00001f    program     static /home/luis/projects/micro/6.3-serial-delay.X/serial-delay.asm
                    start   0x000005    program     static /home/luis/projects/micro/6.3-serial-delay.X/serial-delay.asm



                              Symbols - Sorted by Address
                     Name    Address   Location    Storage File                     
                ---------  ---------  ---------  --------- ---------                
                    start   0x000005    program     static /home/luis/projects/micro/6.3-serial-delay.X/serial-delay.asm
             espera_valor   0x00000c    program     static /home/luis/projects/micro/6.3-serial-delay.X/serial-delay.asm
             _.org_1_0011   0x000011    program     static /home/luis/projects/micro/6.3-serial-delay.X/serial-delay.asm
         configura_serial   0x000012    program     static /home/luis/projects/micro/6.3-serial-delay.X/serial-delay.asm
           leitura_serial   0x00001f    program     static /home/luis/projects/micro/6.3-serial-delay.X/serial-delay.asm
    espera_leitura_serial   0x000021    program     static /home/luis/projects/micro/6.3-serial-delay.X/serial-delay.asm
           escrita_serial   0x00002a    program     static /home/luis/projects/micro/6.3-serial-delay.X/serial-delay.asm
    espera_escrita_serial   0x00002c    program     static /home/luis/projects/micro/6.3-serial-delay.X/serial-delay.asm
                    delay   0x000035    program     static /home/luis/projects/micro/6.3-serial-delay.X/serial-delay.asm
            delay_loop_uh   0x000036    program     static /home/luis/projects/micro/6.3-serial-delay.X/serial-delay.asm
             delay_loop_h   0x000038    program     static /home/luis/projects/micro/6.3-serial-delay.X/serial-delay.asm
             delay_loop_l   0x00003a    program     static /home/luis/projects/micro/6.3-serial-delay.X/serial-delay.asm
             _.org_1_0041   0x000041    program     static /home/luis/projects/micro/6.3-serial-delay.X/serial-delay.asm


