MPLINK 5.04, LINKER
Linker Map File - Created Mon Sep 29 09:01:19 2014

                                 Section Info
                  Section       Type    Address   Location Size(Bytes)
                ---------  ---------  ---------  ---------  ---------
                   .org_0       code   0x000000    program   0x000002
                   .cinit    romdata   0x000001    program   0x000004
                   .org_1       code   0x000004    program   0x0000f2
.config_2007_BUILD/SIMULATE/PRODUCTION/GERADO       code   0x002007    program   0x000002



                              Program Memory Usage 
                               Start         End      
                           ---------   ---------      
                            0x000000    0x000002      
                            0x000004    0x00007c      
                            0x002007    0x002007      
            125 out of 4230 program addresses used, program memory utilization is 2%



                              Symbols - Sorted by Name
                     Name    Address   Location    Storage File                     
                ---------  ---------  ---------  --------- ---------                
             _.org_1_003A   0x00003a    program     static /home/luis/projects/micro/6-t2.X/geradorFrequencia.asm
             _.org_1_007C   0x00007c    program     static /home/luis/projects/micro/6-t2.X/geradorFrequencia.asm
              aritimetica   0x000024    program     static /home/luis/projects/micro/6-t2.X/geradorFrequencia.asm
         configura_serial   0x00003b    program     static /home/luis/projects/micro/6-t2.X/geradorFrequencia.asm
          configura_timer   0x00005e    program     static /home/luis/projects/micro/6-t2.X/geradorFrequencia.asm
                    delay   0x00006b    program     static /home/luis/projects/micro/6-t2.X/geradorFrequencia.asm
             delay_loop_h   0x000073    program     static /home/luis/projects/micro/6-t2.X/geradorFrequencia.asm
             delay_loop_l   0x000075    program     static /home/luis/projects/micro/6-t2.X/geradorFrequencia.asm
            delay_loop_uh   0x00006c    program     static /home/luis/projects/micro/6-t2.X/geradorFrequencia.asm
                  end_int   0x000004    program     static /home/luis/projects/micro/6-t2.X/geradorFrequencia.asm
           escrita_serial   0x000053    program     static /home/luis/projects/micro/6-t2.X/geradorFrequencia.asm
    espera_escrita_serial   0x000055    program     static /home/luis/projects/micro/6-t2.X/geradorFrequencia.asm
    espera_leitura_serial   0x00004a    program     static /home/luis/projects/micro/6-t2.X/geradorFrequencia.asm
             espera_valor   0x000017    program     static /home/luis/projects/micro/6-t2.X/geradorFrequencia.asm
                fase_alta   0x000030    program     static /home/luis/projects/micro/6-t2.X/geradorFrequencia.asm
               fase_baixa   0x000035    program     static /home/luis/projects/micro/6-t2.X/geradorFrequencia.asm
           leitura_serial   0x000048    program     static /home/luis/projects/micro/6-t2.X/geradorFrequencia.asm
              loop_pulsos   0x000027    program     static /home/luis/projects/micro/6-t2.X/geradorFrequencia.asm
                 pulsos_4   0x000027    program     static /home/luis/projects/micro/6-t2.X/geradorFrequencia.asm
             pulsos_4_end   0x000039    program     static /home/luis/projects/micro/6-t2.X/geradorFrequencia.asm
                    start   0x000005    program     static /home/luis/projects/micro/6-t2.X/geradorFrequencia.asm



                              Symbols - Sorted by Address
                     Name    Address   Location    Storage File                     
                ---------  ---------  ---------  --------- ---------                
                  end_int   0x000004    program     static /home/luis/projects/micro/6-t2.X/geradorFrequencia.asm
                    start   0x000005    program     static /home/luis/projects/micro/6-t2.X/geradorFrequencia.asm
             espera_valor   0x000017    program     static /home/luis/projects/micro/6-t2.X/geradorFrequencia.asm
              aritimetica   0x000024    program     static /home/luis/projects/micro/6-t2.X/geradorFrequencia.asm
                 pulsos_4   0x000027    program     static /home/luis/projects/micro/6-t2.X/geradorFrequencia.asm
              loop_pulsos   0x000027    program     static /home/luis/projects/micro/6-t2.X/geradorFrequencia.asm
                fase_alta   0x000030    program     static /home/luis/projects/micro/6-t2.X/geradorFrequencia.asm
               fase_baixa   0x000035    program     static /home/luis/projects/micro/6-t2.X/geradorFrequencia.asm
             pulsos_4_end   0x000039    program     static /home/luis/projects/micro/6-t2.X/geradorFrequencia.asm
             _.org_1_003A   0x00003a    program     static /home/luis/projects/micro/6-t2.X/geradorFrequencia.asm
         configura_serial   0x00003b    program     static /home/luis/projects/micro/6-t2.X/geradorFrequencia.asm
           leitura_serial   0x000048    program     static /home/luis/projects/micro/6-t2.X/geradorFrequencia.asm
    espera_leitura_serial   0x00004a    program     static /home/luis/projects/micro/6-t2.X/geradorFrequencia.asm
           escrita_serial   0x000053    program     static /home/luis/projects/micro/6-t2.X/geradorFrequencia.asm
    espera_escrita_serial   0x000055    program     static /home/luis/projects/micro/6-t2.X/geradorFrequencia.asm
          configura_timer   0x00005e    program     static /home/luis/projects/micro/6-t2.X/geradorFrequencia.asm
                    delay   0x00006b    program     static /home/luis/projects/micro/6-t2.X/geradorFrequencia.asm
            delay_loop_uh   0x00006c    program     static /home/luis/projects/micro/6-t2.X/geradorFrequencia.asm
             delay_loop_h   0x000073    program     static /home/luis/projects/micro/6-t2.X/geradorFrequencia.asm
             delay_loop_l   0x000075    program     static /home/luis/projects/micro/6-t2.X/geradorFrequencia.asm
             _.org_1_007C   0x00007c    program     static /home/luis/projects/micro/6-t2.X/geradorFrequencia.asm


