MPLINK 5.04, LINKER
Linker Map File - Created Sat Sep 27 19:11:16 2014

                                 Section Info
                  Section       Type    Address   Location Size(Bytes)
                ---------  ---------  ---------  ---------  ---------
                   .org_0       code   0x000000    program   0x000002
                   .cinit    romdata   0x000001    program   0x000004
                   .org_1       code   0x000004    program   0x00008e
.config_2007_BUILD/DEFAULT/DEBUG/ESPERA-VALOR       code   0x002007    program   0x000002



                              Program Memory Usage 
                               Start         End      
                           ---------   ---------      
                            0x000000    0x000002      
                            0x000004    0x00004a      
                            0x002007    0x002007      
            75 out of 4230 program addresses used, program memory utilization is 1%



                              Symbols - Sorted by Name
                     Name    Address   Location    Storage File                     
                ---------  ---------  ---------  --------- ---------                
             _.org_1_0026   0x000026    program     static /home/luis/projects/micro/6.1-espera-valor.X/espera-valor.asm
             _.org_1_004A   0x00004a    program     static /home/luis/projects/micro/6.1-espera-valor.X/espera-valor.asm
              aritimetica   0x000023    program     static /home/luis/projects/micro/6.1-espera-valor.X/espera-valor.asm
         configura_serial   0x000027    program     static /home/luis/projects/micro/6.1-espera-valor.X/espera-valor.asm
                  end_int   0x000004    program     static /home/luis/projects/micro/6.1-espera-valor.X/espera-valor.asm
           escrita_serial   0x00003f    program     static /home/luis/projects/micro/6.1-espera-valor.X/espera-valor.asm
    espera_escrita_serial   0x000041    program     static /home/luis/projects/micro/6.1-espera-valor.X/espera-valor.asm
    espera_leitura_serial   0x000036    program     static /home/luis/projects/micro/6.1-espera-valor.X/espera-valor.asm
             espera_valor   0x000016    program     static /home/luis/projects/micro/6.1-espera-valor.X/espera-valor.asm
           leitura_serial   0x000034    program     static /home/luis/projects/micro/6.1-espera-valor.X/espera-valor.asm
                    start   0x000005    program     static /home/luis/projects/micro/6.1-espera-valor.X/espera-valor.asm



                              Symbols - Sorted by Address
                     Name    Address   Location    Storage File                     
                ---------  ---------  ---------  --------- ---------                
                  end_int   0x000004    program     static /home/luis/projects/micro/6.1-espera-valor.X/espera-valor.asm
                    start   0x000005    program     static /home/luis/projects/micro/6.1-espera-valor.X/espera-valor.asm
             espera_valor   0x000016    program     static /home/luis/projects/micro/6.1-espera-valor.X/espera-valor.asm
              aritimetica   0x000023    program     static /home/luis/projects/micro/6.1-espera-valor.X/espera-valor.asm
             _.org_1_0026   0x000026    program     static /home/luis/projects/micro/6.1-espera-valor.X/espera-valor.asm
         configura_serial   0x000027    program     static /home/luis/projects/micro/6.1-espera-valor.X/espera-valor.asm
           leitura_serial   0x000034    program     static /home/luis/projects/micro/6.1-espera-valor.X/espera-valor.asm
    espera_leitura_serial   0x000036    program     static /home/luis/projects/micro/6.1-espera-valor.X/espera-valor.asm
           escrita_serial   0x00003f    program     static /home/luis/projects/micro/6.1-espera-valor.X/espera-valor.asm
    espera_escrita_serial   0x000041    program     static /home/luis/projects/micro/6.1-espera-valor.X/espera-valor.asm
             _.org_1_004A   0x00004a    program     static /home/luis/projects/micro/6.1-espera-valor.X/espera-valor.asm


