MPLINK 5.04, LINKER
Linker Map File - Created Mon Sep 29 10:56:35 2014

                                 Section Info
                  Section       Type    Address   Location Size(Bytes)
                ---------  ---------  ---------  ---------  ---------
                   .org_0       code   0x000000    program   0x000002
                   .cinit    romdata   0x000001    program   0x000004
                   .org_1       code   0x000004    program   0x000086
.config_2007_BUILD/DEFAULT/PRODUCTION/SERIAL-       code   0x002007    program   0x000002



                              Program Memory Usage 
                               Start         End      
                           ---------   ---------      
                            0x000000    0x000002      
                            0x000004    0x000046      
                            0x002007    0x002007      
            71 out of 4230 program addresses used, program memory utilization is 1%



                              Symbols - Sorted by Name
                     Name    Address   Location    Storage File                     
                ---------  ---------  ---------  --------- ---------                
             _.org_1_0016   0x000016    program     static /home/luis/projects/micro/6.3-serial-delay.X/serial-delay.asm
             _.org_1_0046   0x000046    program     static /home/luis/projects/micro/6.3-serial-delay.X/serial-delay.asm
         configura_serial   0x000017    program     static /home/luis/projects/micro/6.3-serial-delay.X/serial-delay.asm
                    delay   0x00003a    program     static /home/luis/projects/micro/6.3-serial-delay.X/serial-delay.asm
             delay_loop_h   0x00003d    program     static /home/luis/projects/micro/6.3-serial-delay.X/serial-delay.asm
             delay_loop_l   0x00003f    program     static /home/luis/projects/micro/6.3-serial-delay.X/serial-delay.asm
            delay_loop_uh   0x00003b    program     static /home/luis/projects/micro/6.3-serial-delay.X/serial-delay.asm
           escrita_serial   0x00002f    program     static /home/luis/projects/micro/6.3-serial-delay.X/serial-delay.asm
    espera_escrita_serial   0x000031    program     static /home/luis/projects/micro/6.3-serial-delay.X/serial-delay.asm
    espera_leitura_serial   0x000026    program     static /home/luis/projects/micro/6.3-serial-delay.X/serial-delay.asm
             espera_valor   0x00000d    program     static /home/luis/projects/micro/6.3-serial-delay.X/serial-delay.asm
           leitura_serial   0x000024    program     static /home/luis/projects/micro/6.3-serial-delay.X/serial-delay.asm
                    start   0x000005    program     static /home/luis/projects/micro/6.3-serial-delay.X/serial-delay.asm



                              Symbols - Sorted by Address
                     Name    Address   Location    Storage File                     
                ---------  ---------  ---------  --------- ---------                
                    start   0x000005    program     static /home/luis/projects/micro/6.3-serial-delay.X/serial-delay.asm
             espera_valor   0x00000d    program     static /home/luis/projects/micro/6.3-serial-delay.X/serial-delay.asm
             _.org_1_0016   0x000016    program     static /home/luis/projects/micro/6.3-serial-delay.X/serial-delay.asm
         configura_serial   0x000017    program     static /home/luis/projects/micro/6.3-serial-delay.X/serial-delay.asm
           leitura_serial   0x000024    program     static /home/luis/projects/micro/6.3-serial-delay.X/serial-delay.asm
    espera_leitura_serial   0x000026    program     static /home/luis/projects/micro/6.3-serial-delay.X/serial-delay.asm
           escrita_serial   0x00002f    program     static /home/luis/projects/micro/6.3-serial-delay.X/serial-delay.asm
    espera_escrita_serial   0x000031    program     static /home/luis/projects/micro/6.3-serial-delay.X/serial-delay.asm
                    delay   0x00003a    program     static /home/luis/projects/micro/6.3-serial-delay.X/serial-delay.asm
            delay_loop_uh   0x00003b    program     static /home/luis/projects/micro/6.3-serial-delay.X/serial-delay.asm
             delay_loop_h   0x00003d    program     static /home/luis/projects/micro/6.3-serial-delay.X/serial-delay.asm
             delay_loop_l   0x00003f    program     static /home/luis/projects/micro/6.3-serial-delay.X/serial-delay.asm
             _.org_1_0046   0x000046    program     static /home/luis/projects/micro/6.3-serial-delay.X/serial-delay.asm


