MPLINK 5.04, LINKER
Linker Map File - Created Fri Sep 26 17:41:44 2014

                                 Section Info
                  Section       Type    Address   Location Size(Bytes)
                ---------  ---------  ---------  ---------  ---------
                   .org_0       code   0x000000    program   0x000002
                   .cinit    romdata   0x000001    program   0x000004
                   .org_1       code   0x000004    program   0x0000d6
.config_2007_BUILD/PROGRAM/PRODUCTION/GERADOR       code   0x002007    program   0x000002



                              Program Memory Usage 
                               Start         End      
                           ---------   ---------      
                            0x000000    0x000002      
                            0x000004    0x00006e      
                            0x002007    0x002007      
            111 out of 4230 program addresses used, program memory utilization is 2%



                              Symbols - Sorted by Name
                     Name    Address   Location    Storage File                     
                ---------  ---------  ---------  --------- ---------                
             _.org_1_001E   0x00001e    program     static /home/luis/projects/micro/6-t2/geradorFrequencia.asm
             _.org_1_006E   0x00006e    program     static /home/luis/projects/micro/6-t2/geradorFrequencia.asm
         configura_serial   0x00002d    program     static /home/luis/projects/micro/6-t2/geradorFrequencia.asm
          configura_timer   0x000050    program     static /home/luis/projects/micro/6-t2/geradorFrequencia.asm
                    delay   0x00005d    program     static /home/luis/projects/micro/6-t2/geradorFrequencia.asm
             delay_loop_h   0x000065    program     static /home/luis/projects/micro/6-t2/geradorFrequencia.asm
             delay_loop_l   0x000067    program     static /home/luis/projects/micro/6-t2/geradorFrequencia.asm
            delay_loop_uh   0x00005e    program     static /home/luis/projects/micro/6-t2/geradorFrequencia.asm
                  end_int   0x000004    program     static /home/luis/projects/micro/6-t2/geradorFrequencia.asm
           escrita_serial   0x000045    program     static /home/luis/projects/micro/6-t2/geradorFrequencia.asm
    espera_escrita_serial   0x000047    program     static /home/luis/projects/micro/6-t2/geradorFrequencia.asm
    espera_leitura_serial   0x00003c    program     static /home/luis/projects/micro/6-t2/geradorFrequencia.asm
             espera_valor   0x00000f    program     static /home/luis/projects/micro/6-t2/geradorFrequencia.asm
                fase_alta   0x000024    program     static /home/luis/projects/micro/6-t2/geradorFrequencia.asm
               fase_baixa   0x000028    program     static /home/luis/projects/micro/6-t2/geradorFrequencia.asm
           leitura_serial   0x00003a    program     static /home/luis/projects/micro/6-t2/geradorFrequencia.asm
              loop_pulsos   0x00001c    program     static /home/luis/projects/micro/6-t2/geradorFrequencia.asm
                 pulsos_4   0x00001f    program     static /home/luis/projects/micro/6-t2/geradorFrequencia.asm
             pulsos_4_end   0x00002c    program     static /home/luis/projects/micro/6-t2/geradorFrequencia.asm
                    start   0x000005    program     static /home/luis/projects/micro/6-t2/geradorFrequencia.asm



                              Symbols - Sorted by Address
                     Name    Address   Location    Storage File                     
                ---------  ---------  ---------  --------- ---------                
                  end_int   0x000004    program     static /home/luis/projects/micro/6-t2/geradorFrequencia.asm
                    start   0x000005    program     static /home/luis/projects/micro/6-t2/geradorFrequencia.asm
             espera_valor   0x00000f    program     static /home/luis/projects/micro/6-t2/geradorFrequencia.asm
              loop_pulsos   0x00001c    program     static /home/luis/projects/micro/6-t2/geradorFrequencia.asm
             _.org_1_001E   0x00001e    program     static /home/luis/projects/micro/6-t2/geradorFrequencia.asm
                 pulsos_4   0x00001f    program     static /home/luis/projects/micro/6-t2/geradorFrequencia.asm
                fase_alta   0x000024    program     static /home/luis/projects/micro/6-t2/geradorFrequencia.asm
               fase_baixa   0x000028    program     static /home/luis/projects/micro/6-t2/geradorFrequencia.asm
             pulsos_4_end   0x00002c    program     static /home/luis/projects/micro/6-t2/geradorFrequencia.asm
         configura_serial   0x00002d    program     static /home/luis/projects/micro/6-t2/geradorFrequencia.asm
           leitura_serial   0x00003a    program     static /home/luis/projects/micro/6-t2/geradorFrequencia.asm
    espera_leitura_serial   0x00003c    program     static /home/luis/projects/micro/6-t2/geradorFrequencia.asm
           escrita_serial   0x000045    program     static /home/luis/projects/micro/6-t2/geradorFrequencia.asm
    espera_escrita_serial   0x000047    program     static /home/luis/projects/micro/6-t2/geradorFrequencia.asm
          configura_timer   0x000050    program     static /home/luis/projects/micro/6-t2/geradorFrequencia.asm
                    delay   0x00005d    program     static /home/luis/projects/micro/6-t2/geradorFrequencia.asm
            delay_loop_uh   0x00005e    program     static /home/luis/projects/micro/6-t2/geradorFrequencia.asm
             delay_loop_h   0x000065    program     static /home/luis/projects/micro/6-t2/geradorFrequencia.asm
             delay_loop_l   0x000067    program     static /home/luis/projects/micro/6-t2/geradorFrequencia.asm
             _.org_1_006E   0x00006e    program     static /home/luis/projects/micro/6-t2/geradorFrequencia.asm


