MPLINK 5.04, LINKER
Linker Map File - Created Thu Oct  2 21:52:39 2014

                                 Section Info
                  Section       Type    Address   Location Size(Bytes)
                ---------  ---------  ---------  ---------  ---------
                   .org_0       code   0x000000    program   0x000002
                   .cinit    romdata   0x000001    program   0x000004
                   .org_1       code   0x000004    program   0x0000ee



                              Program Memory Usage 
                               Start         End      
                           ---------   ---------      
                            0x000000    0x000002      
                            0x000004    0x00007a      
            122 out of 4230 program addresses used, program memory utilization is 2%



                              Symbols - Sorted by Name
                     Name    Address   Location    Storage File                     
                ---------  ---------  ---------  --------- ---------                
                     ALTO   0x00005b    program     static /media/luis/Sony/T2 MICRO/2.asm
                    BAIXO   0x000071    program     static /media/luis/Sony/T2 MICRO/2.asm
               CALCULO_TL   0x00004b    program     static /media/luis/Sony/T2 MICRO/2.asm
                   ESPERA   0x000032    program     static /media/luis/Sony/T2 MICRO/2.asm
                   INICIO   0x000013    program     static /media/luis/Sony/T2 MICRO/2.asm
                     LOOP   0x000052    program     static /media/luis/Sony/T2 MICRO/2.asm
                    SAIDA   0x000012    program     static /media/luis/Sony/T2 MICRO/2.asm



                              Symbols - Sorted by Address
                     Name    Address   Location    Storage File                     
                ---------  ---------  ---------  --------- ---------                
                    SAIDA   0x000012    program     static /media/luis/Sony/T2 MICRO/2.asm
                   INICIO   0x000013    program     static /media/luis/Sony/T2 MICRO/2.asm
                   ESPERA   0x000032    program     static /media/luis/Sony/T2 MICRO/2.asm
               CALCULO_TL   0x00004b    program     static /media/luis/Sony/T2 MICRO/2.asm
                     LOOP   0x000052    program     static /media/luis/Sony/T2 MICRO/2.asm
                     ALTO   0x00005b    program     static /media/luis/Sony/T2 MICRO/2.asm
                    BAIXO   0x000071    program     static /media/luis/Sony/T2 MICRO/2.asm


