MPLINK 5.04, LINKER
Linker Map File - Created Fri Sep 26 16:53:14 2014

                                 Section Info
                  Section       Type    Address   Location Size(Bytes)
                ---------  ---------  ---------  ---------  ---------
                   .org_0       code   0x000000    program   0x000002
                   .org_1       code   0x000004    program   0x000086
                   .cinit    romdata   0x000800    program   0x000004
                    dbgP0       code   0x000f00    program   0x000200
.config_2007_BUILD/PROGRAM/DEBUG/GERADORFREQU       code   0x002007    program   0x000002
                    dbgD0      udata   0x00007e       data   0x000002
                    dbgD1      udata   0x0000f4       data   0x00000c
                    dbgD2      udata   0x00017e       data   0x000002
                    dbgD3      udata   0x0001f4       data   0x00000c



                              Program Memory Usage 
                               Start         End      
                           ---------   ---------      
                            0x000000    0x000000      
                            0x000004    0x000046      
                            0x000800    0x000801      
                            0x000f00    0x000fff      
                            0x002007    0x002007      
            327 out of 4230 program addresses used, program memory utilization is 7%



                              Symbols - Sorted by Name
                     Name    Address   Location    Storage File                     
                ---------  ---------  ---------  --------- ---------                
             _.org_1_0015   0x000015    program     static /home/luis/projects/micro/6-t2/geradorFrequencia.asm
             _.org_1_0046   0x000046    program     static /home/luis/projects/micro/6-t2/geradorFrequencia.asm
         configura_serial   0x000016    program     static /home/luis/projects/micro/6-t2/geradorFrequencia.asm
          configura_timer   0x000039    program     static /home/luis/projects/micro/6-t2/geradorFrequencia.asm
           escrita_serial   0x00002e    program     static /home/luis/projects/micro/6-t2/geradorFrequencia.asm
    espera_escrita_serial   0x000030    program     static /home/luis/projects/micro/6-t2/geradorFrequencia.asm
    espera_leitura_serial   0x000025    program     static /home/luis/projects/micro/6-t2/geradorFrequencia.asm
           leitura_serial   0x000023    program     static /home/luis/projects/micro/6-t2/geradorFrequencia.asm
            serial_sender   0x000010    program     static /home/luis/projects/micro/6-t2/geradorFrequencia.asm
                    start   0x000005    program     static /home/luis/projects/micro/6-t2/geradorFrequencia.asm



                              Symbols - Sorted by Address
                     Name    Address   Location    Storage File                     
                ---------  ---------  ---------  --------- ---------                
                    start   0x000005    program     static /home/luis/projects/micro/6-t2/geradorFrequencia.asm
            serial_sender   0x000010    program     static /home/luis/projects/micro/6-t2/geradorFrequencia.asm
             _.org_1_0015   0x000015    program     static /home/luis/projects/micro/6-t2/geradorFrequencia.asm
         configura_serial   0x000016    program     static /home/luis/projects/micro/6-t2/geradorFrequencia.asm
           leitura_serial   0x000023    program     static /home/luis/projects/micro/6-t2/geradorFrequencia.asm
    espera_leitura_serial   0x000025    program     static /home/luis/projects/micro/6-t2/geradorFrequencia.asm
           escrita_serial   0x00002e    program     static /home/luis/projects/micro/6-t2/geradorFrequencia.asm
    espera_escrita_serial   0x000030    program     static /home/luis/projects/micro/6-t2/geradorFrequencia.asm
          configura_timer   0x000039    program     static /home/luis/projects/micro/6-t2/geradorFrequencia.asm
             _.org_1_0046   0x000046    program     static /home/luis/projects/micro/6-t2/geradorFrequencia.asm


