MPLINK 5.04, LINKER
Linker Map File - Created Mon Sep 29 11:58:40 2014

                                 Section Info
                  Section       Type    Address   Location Size(Bytes)
                ---------  ---------  ---------  ---------  ---------
                   .org_0       code   0x000000    program   0x000002
                   .cinit    romdata   0x000001    program   0x000004
                   .org_1       code   0x000004    program   0x00013e
.config_2007_BUILD/DEBUG/DEBUG/TIMER.O       code   0x002007    program   0x000002



                              Program Memory Usage 
                               Start         End      
                           ---------   ---------      
                            0x000000    0x000002      
                            0x000004    0x0000a2      
                            0x002007    0x002007      
            163 out of 4230 program addresses used, program memory utilization is 3%



                              Symbols - Sorted by Name
                     Name    Address   Location    Storage File                     
                ---------  ---------  ---------  --------- ---------                
             _.org_1_0065   0x000065    program     static /home/luis/projects/micro/6.2-timer.X/timer.asm
             _.org_1_00A2   0x0000a2    program     static /home/luis/projects/micro/6.2-timer.X/timer.asm
              aritimetica   0x000043    program     static /home/luis/projects/micro/6.2-timer.X/timer.asm
         configura_serial   0x000066    program     static /home/luis/projects/micro/6.2-timer.X/timer.asm
          configura_timer   0x000089    program     static /home/luis/projects/micro/6.2-timer.X/timer.asm
                    delay   0x000096    program     static /home/luis/projects/micro/6.2-timer.X/timer.asm
             delay_loop_h   0x000099    program     static /home/luis/projects/micro/6.2-timer.X/timer.asm
             delay_loop_l   0x00009b    program     static /home/luis/projects/micro/6.2-timer.X/timer.asm
            delay_loop_uh   0x000097    program     static /home/luis/projects/micro/6.2-timer.X/timer.asm
                  end_int   0x000022    program     static /home/luis/projects/micro/6.2-timer.X/timer.asm
           escrita_serial   0x00007e    program     static /home/luis/projects/micro/6.2-timer.X/timer.asm
    espera_escrita_serial   0x000080    program     static /home/luis/projects/micro/6.2-timer.X/timer.asm
    espera_leitura_serial   0x000075    program     static /home/luis/projects/micro/6.2-timer.X/timer.asm
             espera_valor   0x000036    program     static /home/luis/projects/micro/6.2-timer.X/timer.asm
                fase_alta   0x000019    program     static /home/luis/projects/micro/6.2-timer.X/timer.asm
               fase_baixa   0x00001e    program     static /home/luis/projects/micro/6.2-timer.X/timer.asm
           leitura_serial   0x000073    program     static /home/luis/projects/micro/6.2-timer.X/timer.asm
                    start   0x000023    program     static /home/luis/projects/micro/6.2-timer.X/timer.asm



                              Symbols - Sorted by Address
                     Name    Address   Location    Storage File                     
                ---------  ---------  ---------  --------- ---------                
                fase_alta   0x000019    program     static /home/luis/projects/micro/6.2-timer.X/timer.asm
               fase_baixa   0x00001e    program     static /home/luis/projects/micro/6.2-timer.X/timer.asm
                  end_int   0x000022    program     static /home/luis/projects/micro/6.2-timer.X/timer.asm
                    start   0x000023    program     static /home/luis/projects/micro/6.2-timer.X/timer.asm
             espera_valor   0x000036    program     static /home/luis/projects/micro/6.2-timer.X/timer.asm
              aritimetica   0x000043    program     static /home/luis/projects/micro/6.2-timer.X/timer.asm
             _.org_1_0065   0x000065    program     static /home/luis/projects/micro/6.2-timer.X/timer.asm
         configura_serial   0x000066    program     static /home/luis/projects/micro/6.2-timer.X/timer.asm
           leitura_serial   0x000073    program     static /home/luis/projects/micro/6.2-timer.X/timer.asm
    espera_leitura_serial   0x000075    program     static /home/luis/projects/micro/6.2-timer.X/timer.asm
           escrita_serial   0x00007e    program     static /home/luis/projects/micro/6.2-timer.X/timer.asm
    espera_escrita_serial   0x000080    program     static /home/luis/projects/micro/6.2-timer.X/timer.asm
          configura_timer   0x000089    program     static /home/luis/projects/micro/6.2-timer.X/timer.asm
                    delay   0x000096    program     static /home/luis/projects/micro/6.2-timer.X/timer.asm
            delay_loop_uh   0x000097    program     static /home/luis/projects/micro/6.2-timer.X/timer.asm
             delay_loop_h   0x000099    program     static /home/luis/projects/micro/6.2-timer.X/timer.asm
             delay_loop_l   0x00009b    program     static /home/luis/projects/micro/6.2-timer.X/timer.asm
             _.org_1_00A2   0x0000a2    program     static /home/luis/projects/micro/6.2-timer.X/timer.asm


