MPLINK 5.04, LINKER
Linker Map File - Created Fri Sep 26 15:44:46 2014

                                 Section Info
                  Section       Type    Address   Location Size(Bytes)
                ---------  ---------  ---------  ---------  ---------
                   .org_0       code   0x000000    program   0x000000
                   .org_1       code   0x000000    program   0x000002
                   .org_2       code   0x000004    program   0x00007a
.config_2007_/HOME/LUIS/PROJECTS/MICRO/6-T2/G       code   0x002007    program   0x000002



                              Program Memory Usage 
                               Start         End      
                           ---------   ---------      
                            0x000000    0x000000      
                            0x000004    0x000040      
                            0x002007    0x002007      
            63 out of 4230 program addresses used, program memory utilization is 1%



                              Symbols - Sorted by Name
                     Name    Address   Location    Storage File                     
                ---------  ---------  ---------  --------- ---------                
         configura_serial   0x000010    program     static /home/luis/projects/micro/6-t2/geradorFrequencia.asm
          configura_timer   0x000033    program     static /home/luis/projects/micro/6-t2/geradorFrequencia.asm
           escrita_serial   0x000028    program     static /home/luis/projects/micro/6-t2/geradorFrequencia.asm
    espera_escrita_serial   0x00002a    program     static /home/luis/projects/micro/6-t2/geradorFrequencia.asm
    espera_leitura_serial   0x00001f    program     static /home/luis/projects/micro/6-t2/geradorFrequencia.asm
           leitura_serial   0x00001d    program     static /home/luis/projects/micro/6-t2/geradorFrequencia.asm
                    start   0x000005    program     static /home/luis/projects/micro/6-t2/geradorFrequencia.asm



                              Symbols - Sorted by Address
                     Name    Address   Location    Storage File                     
                ---------  ---------  ---------  --------- ---------                
                    start   0x000005    program     static /home/luis/projects/micro/6-t2/geradorFrequencia.asm
         configura_serial   0x000010    program     static /home/luis/projects/micro/6-t2/geradorFrequencia.asm
           leitura_serial   0x00001d    program     static /home/luis/projects/micro/6-t2/geradorFrequencia.asm
    espera_leitura_serial   0x00001f    program     static /home/luis/projects/micro/6-t2/geradorFrequencia.asm
           escrita_serial   0x000028    program     static /home/luis/projects/micro/6-t2/geradorFrequencia.asm
    espera_escrita_serial   0x00002a    program     static /home/luis/projects/micro/6-t2/geradorFrequencia.asm
          configura_timer   0x000033    program     static /home/luis/projects/micro/6-t2/geradorFrequencia.asm


